#-----------------------------------------------------------
# Vivado v2018.3 (64-bit)
# SW Build 2405991 on Thu Dec  6 23:38:27 MST 2018
# IP Build 2404404 on Fri Dec  7 01:43:56 MST 2018
# Start of session at: Wed Jul 29 08:06:17 2026
# Process ID: 26440
# Current directory: D:/a_My_projects/myvivadoprojects/07/23h - 6
# Command line: vivado.exe -gui_launcher_event rodinguilauncherevent18492 D:\a_My_projects\myvivadoprojects\07\23h - 6\fft_test.xpr
# Log file: D:/a_My_projects/myvivadoprojects/07/23h - 6/vivado.log
# Journal file: D:/a_My_projects/myvivadoprojects/07/23h - 6\vivado.jou
#-----------------------------------------------------------
start_gui
open_project {D:/a_My_projects/myvivadoprojects/07/23h - 6/fft_test.xpr}
Scanning sources...
Finished scanning sources
INFO: [IP_Flow 19-234] Refreshing IP repositories
INFO: [IP_Flow 19-1704] No user IP repositories specified
INFO: [IP_Flow 19-2313] Loaded Vivado IP repository 'C:/Xilinx/Vivado/2018.3/data/ip'.
open_project: Time (s): cpu = 00:00:03 ; elapsed = 00:00:09 . Memory (MB): peak = 802.730 ; gain = 173.953
update_compile_order -fileset sources_1
exit
INFO: [Common 17-206] Exiting Vivado at Wed Jul 29 11:22:04 2026...
