#-----------------------------------------------------------
# Vivado v2018.3 (64-bit)
# SW Build 2405991 on Thu Dec  6 23:38:27 MST 2018
# IP Build 2404404 on Fri Dec  7 01:43:56 MST 2018
# Start of session at: Mon Jul 13 20:25:24 2026
# Process ID: 31132
# Current directory: D:/a_My_projects/myvivadoprojects/07/23h - 6
# Command line: vivado.exe -gui_launcher_event rodinguilauncherevent13928 D:\a_My_projects\myvivadoprojects\07\23h - 6\fft_test.xpr
# Log file: D:/a_My_projects/myvivadoprojects/07/23h - 6/vivado.log
# Journal file: D:/a_My_projects/myvivadoprojects/07/23h - 6\vivado.jou
#-----------------------------------------------------------
start_gui
open_project {D:/a_My_projects/myvivadoprojects/07/23h - 6/fft_test.xpr}
Scanning sources...
Finished scanning sources
INFO: [IP_Flow 19-234] Refreshing IP repositories
INFO: [IP_Flow 19-1704] No user IP repositories specified
INFO: [IP_Flow 19-2313] Loaded Vivado IP repository 'C:/Xilinx/Vivado/2018.3/data/ip'.
open_project: Time (s): cpu = 00:00:03 ; elapsed = 00:00:07 . Memory (MB): peak = 796.363 ; gain = 134.742
update_compile_order -fileset sources_1
open_run synth_1 -name synth_1
Design is defaulting to impl run constrset: constrs_1
Design is defaulting to synth run part: xc7z020clg400-2
INFO: [Project 1-454] Reading design checkpoint 'd:/a_My_projects/myvivadoprojects/07/23h - 6/fft_test.srcs/sources_1/ip/ila_0/ila_0.dcp' for cell 'ila_inst0'
INFO: [Project 1-454] Reading design checkpoint 'd:/a_My_projects/myvivadoprojects/07/23h - 6/fft_test.srcs/sources_1/ip/clk_wiz_0/clk_wiz_0.dcp' for cell 'u_clk_wiz_0'
INFO: [Project 1-454] Reading design checkpoint 'd:/a_My_projects/myvivadoprojects/07/23h - 6/fft_test.srcs/sources_1/ip/clk_wiz_1/clk_wiz_1.dcp' for cell 'u_clk_wiz_1'
INFO: [Project 1-454] Reading design checkpoint 'd:/a_My_projects/myvivadoprojects/07/23h - 6/fft_test.srcs/sources_1/ip/dds_compiler_0/dds_compiler_0.dcp' for cell 'dpll_inst0/u1_dds'
INFO: [Project 1-454] Reading design checkpoint 'd:/a_My_projects/myvivadoprojects/07/23h - 6/fft_test.srcs/sources_1/ip/fir_compiler_0/fir_compiler_0.dcp' for cell 'dpll_inst0/u1_fir'
INFO: [Project 1-454] Reading design checkpoint 'd:/a_My_projects/myvivadoprojects/07/23h - 6/fft_test.srcs/sources_1/ip/mult_gen_1/mult_gen_1.dcp' for cell 'dpll_inst0/u1_mult'
INFO: [Project 1-454] Reading design checkpoint 'd:/a_My_projects/myvivadoprojects/07/23h - 6/fft_test.srcs/sources_1/ip/cordic_0/cordic_0.dcp' for cell 'dpll_inst0/u_cordic'
INFO: [Project 1-454] Reading design checkpoint 'd:/a_My_projects/myvivadoprojects/07/23h - 6/fft_test.srcs/sources_1/ip/mult_gen_0/mult_gen_0.dcp' for cell 'u_CAL_POW/IM_MULT'
INFO: [Project 1-454] Reading design checkpoint 'd:/a_My_projects/myvivadoprojects/07/23h - 6/fft_test.srcs/sources_1/ip/xfft_0/xfft_0.dcp' for cell 'u_fft/u1'
INFO: [Netlist 29-17] Analyzing 1508 Unisim elements for replacement
INFO: [Netlist 29-28] Unisim Transformation completed in 0 CPU seconds
INFO: [Project 1-479] Netlist was created with Vivado 2018.3
INFO: [Device 21-403] Loading part xc7z020clg400-2
INFO: [Project 1-570] Preparing netlist for logic optimization
INFO: [Chipscope 16-324] Core: ila_inst0 UUID: 483fb789-713f-54ac-bc39-ede7719143f5 
Parsing XDC File [d:/a_My_projects/myvivadoprojects/07/23h - 6/fft_test.srcs/sources_1/ip/clk_wiz_0/clk_wiz_0_board.xdc] for cell 'u_clk_wiz_0/inst'
Finished Parsing XDC File [d:/a_My_projects/myvivadoprojects/07/23h - 6/fft_test.srcs/sources_1/ip/clk_wiz_0/clk_wiz_0_board.xdc] for cell 'u_clk_wiz_0/inst'
Parsing XDC File [d:/a_My_projects/myvivadoprojects/07/23h - 6/fft_test.srcs/sources_1/ip/clk_wiz_0/clk_wiz_0.xdc] for cell 'u_clk_wiz_0/inst'
Finished Parsing XDC File [d:/a_My_projects/myvivadoprojects/07/23h - 6/fft_test.srcs/sources_1/ip/clk_wiz_0/clk_wiz_0.xdc] for cell 'u_clk_wiz_0/inst'
Parsing XDC File [d:/a_My_projects/myvivadoprojects/07/23h - 6/fft_test.srcs/sources_1/ip/fir_compiler_0/constraints/fir_compiler_v7_2.xdc] for cell 'dpll_inst0/u1_fir/U0'
Finished Parsing XDC File [d:/a_My_projects/myvivadoprojects/07/23h - 6/fft_test.srcs/sources_1/ip/fir_compiler_0/constraints/fir_compiler_v7_2.xdc] for cell 'dpll_inst0/u1_fir/U0'
Parsing XDC File [d:/a_My_projects/myvivadoprojects/07/23h - 6/fft_test.srcs/sources_1/ip/fir_compiler_0/constraints/fir_compiler_v7_2.xdc] for cell 'dpll_inst0/u2_fir/U0'
Finished Parsing XDC File [d:/a_My_projects/myvivadoprojects/07/23h - 6/fft_test.srcs/sources_1/ip/fir_compiler_0/constraints/fir_compiler_v7_2.xdc] for cell 'dpll_inst0/u2_fir/U0'
Parsing XDC File [d:/a_My_projects/myvivadoprojects/07/23h - 6/fft_test.srcs/sources_1/ip/fir_compiler_0/constraints/fir_compiler_v7_2.xdc] for cell 'dpll_inst1/u1_fir/U0'
Finished Parsing XDC File [d:/a_My_projects/myvivadoprojects/07/23h - 6/fft_test.srcs/sources_1/ip/fir_compiler_0/constraints/fir_compiler_v7_2.xdc] for cell 'dpll_inst1/u1_fir/U0'
Parsing XDC File [d:/a_My_projects/myvivadoprojects/07/23h - 6/fft_test.srcs/sources_1/ip/fir_compiler_0/constraints/fir_compiler_v7_2.xdc] for cell 'dpll_inst1/u2_fir/U0'
Finished Parsing XDC File [d:/a_My_projects/myvivadoprojects/07/23h - 6/fft_test.srcs/sources_1/ip/fir_compiler_0/constraints/fir_compiler_v7_2.xdc] for cell 'dpll_inst1/u2_fir/U0'
Parsing XDC File [d:/a_My_projects/myvivadoprojects/07/23h - 6/fft_test.srcs/sources_1/ip/clk_wiz_1/clk_wiz_1_board.xdc] for cell 'u_clk_wiz_1/inst'
Finished Parsing XDC File [d:/a_My_projects/myvivadoprojects/07/23h - 6/fft_test.srcs/sources_1/ip/clk_wiz_1/clk_wiz_1_board.xdc] for cell 'u_clk_wiz_1/inst'
Parsing XDC File [d:/a_My_projects/myvivadoprojects/07/23h - 6/fft_test.srcs/sources_1/ip/clk_wiz_1/clk_wiz_1.xdc] for cell 'u_clk_wiz_1/inst'
Finished Parsing XDC File [d:/a_My_projects/myvivadoprojects/07/23h - 6/fft_test.srcs/sources_1/ip/clk_wiz_1/clk_wiz_1.xdc] for cell 'u_clk_wiz_1/inst'
Parsing XDC File [d:/a_My_projects/myvivadoprojects/07/23h - 6/fft_test.srcs/sources_1/ip/ila_0/ila_v6_2/constraints/ila_impl.xdc] for cell 'ila_inst0/inst'
Finished Parsing XDC File [d:/a_My_projects/myvivadoprojects/07/23h - 6/fft_test.srcs/sources_1/ip/ila_0/ila_v6_2/constraints/ila_impl.xdc] for cell 'ila_inst0/inst'
Parsing XDC File [d:/a_My_projects/myvivadoprojects/07/23h - 6/fft_test.srcs/sources_1/ip/ila_0/ila_v6_2/constraints/ila.xdc] for cell 'ila_inst0/inst'
Finished Parsing XDC File [d:/a_My_projects/myvivadoprojects/07/23h - 6/fft_test.srcs/sources_1/ip/ila_0/ila_v6_2/constraints/ila.xdc] for cell 'ila_inst0/inst'
Parsing XDC File [D:/a_My_projects/myvivadoprojects/07/23h - 6/fft_test.srcs/constrs_1/new/7020.xdc]
Finished Parsing XDC File [D:/a_My_projects/myvivadoprojects/07/23h - 6/fft_test.srcs/constrs_1/new/7020.xdc]
Parsing XDC File [d:/a_My_projects/myvivadoprojects/07/23h - 6/fft_test.srcs/sources_1/ip/clk_wiz_0/clk_wiz_0_late.xdc] for cell 'u_clk_wiz_0/inst'
Finished Parsing XDC File [d:/a_My_projects/myvivadoprojects/07/23h - 6/fft_test.srcs/sources_1/ip/clk_wiz_0/clk_wiz_0_late.xdc] for cell 'u_clk_wiz_0/inst'
Parsing XDC File [d:/a_My_projects/myvivadoprojects/07/23h - 6/fft_test.srcs/sources_1/ip/clk_wiz_1/clk_wiz_1_late.xdc] for cell 'u_clk_wiz_1/inst'
Finished Parsing XDC File [d:/a_My_projects/myvivadoprojects/07/23h - 6/fft_test.srcs/sources_1/ip/clk_wiz_1/clk_wiz_1_late.xdc] for cell 'u_clk_wiz_1/inst'
INFO: [Opt 31-138] Pushed 0 inverter(s) to 0 load pin(s).
Netlist sorting complete. Time (s): cpu = 00:00:00 ; elapsed = 00:00:00.009 . Memory (MB): peak = 1547.305 ; gain = 0.000
INFO: [Project 1-111] Unisim Transformation Summary:
  A total of 144 instances were transformed.
  CFGLUT5 => CFGLUT5 (SRLC32E, SRL16E): 144 instances

open_run: Time (s): cpu = 00:00:11 ; elapsed = 00:00:13 . Memory (MB): peak = 1547.305 ; gain = 0.000
exit
INFO: [Common 17-206] Exiting Vivado at Mon Jul 13 20:39:12 2026...
