#-----------------------------------------------------------
# Vivado v2018.3 (64-bit)
# SW Build 2405991 on Thu Dec  6 23:38:27 MST 2018
# IP Build 2404404 on Fri Dec  7 01:43:56 MST 2018
# Start of session at: Sun Sep 20 17:30:51 2026
# Process ID: 32380
# Current directory: D:/a_My_projects/myvivadoprojects/07/23h - 6
# Command line: vivado.exe -gui_launcher_event rodinguilauncherevent34236 D:\a_My_projects\myvivadoprojects\07\23h - 6\fft_test.xpr
# Log file: D:/a_My_projects/myvivadoprojects/07/23h - 6/vivado.log
# Journal file: D:/a_My_projects/myvivadoprojects/07/23h - 6\vivado.jou
#-----------------------------------------------------------
start_gui
open_project {D:/a_My_projects/myvivadoprojects/07/23h - 6/fft_test.xpr}
Scanning sources...
Finished scanning sources
INFO: [IP_Flow 19-234] Refreshing IP repositories
INFO: [IP_Flow 19-1704] No user IP repositories specified
INFO: [IP_Flow 19-2313] Loaded Vivado IP repository 'C:/Xilinx/Vivado/2018.3/data/ip'.
open_project: Time (s): cpu = 00:00:02 ; elapsed = 00:00:07 . Memory (MB): peak = 826.227 ; gain = 168.473
update_compile_order -fileset sources_1
exit
INFO: [Common 17-206] Exiting Vivado at Sun Sep 20 17:31:54 2026...
